<html>
<body>
<pre>
<h1>µVision Build Log</h1>
<h2>Tool Versions:</h2>
IDE-Version: ¦ÌVision V5.38.0.0
Copyright (C) 2022 ARM Ltd and ARM Germany GmbH. All rights reserved.
License Information: Song Run, HUST, LIC=47GU5-G3ART-X78RZ-JI64G-7WGZP-DG2ZY
 
Tool Versions:
Toolchain:       MDK-ARM Plus  Version: 5.38.0.0
Toolchain Path:  D:\cks\ARM\ARMCC\Bin
C Compiler:      Armcc.exe V5.06 update 6 (build 750)
Assembler:       Armasm.exe V5.06 update 6 (build 750)
Linker/Locator:  ArmLink.exe V5.06 update 6 (build 750)
Library Manager: ArmAr.exe V5.06 update 6 (build 750)
Hex Converter:   FromElf.exe V5.06 update 6 (build 750)
CPU DLL:         SARMCM3.DLL V5.38.0.0
Dialog DLL:      DCM.DLL V1.17.5.0
Target DLL:      CMSIS_AGDI.dll V1.33.15.0
Dialog DLL:      TCM.DLL V1.56.4.0
 
<h2>Project:</h2>
D:\cks\Project_ui\GD32-LVGL-PigGame\TemplateProject.uvprojx
Project File Date:  05/21/2026

<h2>Output:</h2>
*** Using Compiler 'V5.06 update 6 (build 750)', folder: 'D:\cks\ARM\ARMCC\Bin'
Build target 'Target 1'
compiling ui_game_screen.c...
gameui\ui_game_screen.c(102): warning:  #167-D: argument of type "void (*)(void)" is incompatible with parameter of type "lv_event_cb_t"
  	lv_obj_add_event_cb(btn_back2,rain_stop, LV_EVENT_RELEASED, NULL);
gameui\ui_game_screen.c(107): warning:  #167-D: argument of type "void (*)(void)" is incompatible with parameter of type "lv_event_cb_t"
  	lv_obj_add_event_cb(btn_back3,rain_start, LV_EVENT_RELEASED, NULL);
gameui\ui_game_screen.c: 2 warnings, 0 errors
linking...
Program Size: Code=182046 RO-data=255702 RW-data=776 ZI-data=32516744  
".\Objects\TemplateProject.axf" - 0 Error(s), 2 Warning(s).

<h2>Software Packages used:</h2>

Package Vendor: GigaDevice
                https://gd32mcu.com/GigaDevice.GD32H7xx_DFP.1.4.0.pack
                GigaDevice.GD32H7xx_DFP.1.4.0
                GigaDevice GD32H7xx Series Device Support and Examples

<h2>Collection of Component include folders:</h2>
  D:/cks/pack/GigaDevice/GD32H7xx_DFP/1.4.0/Device/Include

<h2>Collection of Component Files used:</h2>
Build Time Elapsed:  00:00:03
</pre>
</body>
</html>
